// Jest Snapshot v1, https://goo.gl/fbAQLP

exports[`Controls component renders Controls 1`] = `
<section
  className="Controls"
>
  <button
    onClick={[Function]}
  >
    Drink Coffee
  </button>
  <button
    onClick={[Function]}
  >
    Eat Snack
  </button>
  <button
    onClick={[Function]}
  >
    Take Nap
  </button>
  <button
    onClick={[Function]}
  >
    Study
  </button>
</section>
`;
